[topo] 0<->1  host-staged  11.03 GB/s (batched) / 10.99 GB/s (non-batched)  speedup 1.00x
[topo] 0<->2  host-staged  11.03 GB/s (batched) / 11.06 GB/s (non-batched)  speedup 1.00x
[topo] 0<->3  host-staged  11.03 GB/s (batched) / 11.04 GB/s (non-batched)  speedup 1.00x
[topo] 1<->2  host-staged  11.00 GB/s (batched) / 11.04 GB/s (non-batched)  speedup 1.00x
[topo] 1<->3  host-staged  11.01 GB/s (batched) / 11.02 GB/s (non-batched)  speedup 1.00x
[topo] 2<->3  host-staged  11.11 GB/s (batched) / 11.08 GB/s (non-batched)  speedup 1.00x
=== Ferry Topology Report ===
driver 13.0  runtime 12.4
GPU 0  NVIDIA GeForce RTX 3090  cc 8.6  24124 MB  82 SMs  pci 0000:31:00
GPU 1  NVIDIA GeForce RTX 3090  cc 8.6  24124 MB  82 SMs  pci 0000:4b:00
GPU 2  NVIDIA GeForce RTX 3090  cc 8.6  24124 MB  82 SMs  pci 0000:b1:00
GPU 3  NVIDIA GeForce RTX 3090  cc 8.6  24124 MB  82 SMs  pci 0000:ca:00
--- peer matrix ---
0 -> 1 : p2p no (en=n, 0.00 GB/s)  host-staged 11.03 GB/s (non-batched 10.99)
0 -> 2 : p2p no (en=n, 0.00 GB/s)  host-staged 11.03 GB/s (non-batched 11.06)
0 -> 3 : p2p no (en=n, 0.00 GB/s)  host-staged 11.03 GB/s (non-batched 11.04)
1 -> 2 : p2p no (en=n, 0.00 GB/s)  host-staged 11.00 GB/s (non-batched 11.04)
1 -> 3 : p2p no (en=n, 0.00 GB/s)  host-staged 11.01 GB/s (non-batched 11.02)
2 -> 3 : p2p no (en=n, 0.00 GB/s)  host-staged 11.11 GB/s (non-batched 11.08)
[probe] bandwidth scan done, saved to csv
